Flow report for Traffic-Light-FSM
Thu Mar 19 19:38:29 2026
Quartus Prime Version 25.1std.0 Build 1129 10/21/2025 SC Lite Edition


---------------------
; Table of Contents ;
---------------------
  1. Legal Notice
  2. Flow Summary
  3. Flow Settings
  4. Flow Non-Default Global Settings
  5. Flow Elapsed Time
  6. Flow OS Summary
  7. Flow Log
  8. Flow Messages
  9. Flow Suppressed Messages



----------------
; Legal Notice ;
----------------
Copyright (C) 2025  Altera Corporation. All rights reserved.
Your use of Altera Corporation's design tools, logic functions 
and other software and tools, and any partner logic 
functions, and any output files from any of the foregoing 
(including device programming or simulation files), and any 
associated documentation or information are expressly subject 
to the terms and conditions of the Altera Program License 
Subscription Agreement, the Altera Quartus Prime License Agreement,
the Altera IP License Agreement, or other applicable license
agreement, including, without limitation, that your use is for
the sole purpose of programming logic devices manufactured by
Altera and sold by Altera or its authorized distributors.  Please
refer to the Altera Software License Subscription Agreements 
on the Quartus Prime software download page.



+-----------------------------------------------------------------------------------+
; Flow Summary                                                                      ;
+---------------------------------+-------------------------------------------------+
; Flow Status                     ; Successful - Thu Mar 19 19:38:29 2026           ;
; Quartus Prime Version           ; 25.1std.0 Build 1129 10/21/2025 SC Lite Edition ;
; Revision Name                   ; Traffic-Light-FSM                               ;
; Top-level Entity Name           ; TrafficTop                                      ;
; Family                          ; Cyclone V                                       ;
; Device                          ; 5CSEMA5F31C6                                    ;
; Timing Models                   ; Final                                           ;
; Logic utilization (in ALMs)     ; 10 / 32,070 ( < 1 % )                           ;
; Total registers                 ; 17                                              ;
; Total pins                      ; 9 / 457 ( 2 % )                                 ;
; Total virtual pins              ; 0                                               ;
; Total block memory bits         ; 0 / 4,065,280 ( 0 % )                           ;
; Total DSP Blocks                ; 0 / 87 ( 0 % )                                  ;
; Total HSSI RX PCSs              ; 0                                               ;
; Total HSSI PMA RX Deserializers ; 0                                               ;
; Total HSSI TX PCSs              ; 0                                               ;
; Total HSSI PMA TX Serializers   ; 0                                               ;
; Total PLLs                      ; 0 / 6 ( 0 % )                                   ;
; Total DLLs                      ; 0 / 4 ( 0 % )                                   ;
+---------------------------------+-------------------------------------------------+


+-----------------------------------------+
; Flow Settings                           ;
+-------------------+---------------------+
; Option            ; Setting             ;
+-------------------+---------------------+
; Start date & time ; 03/19/2026 19:37:30 ;
; Main task         ; Compilation         ;
; Revision Name     ; Traffic-Light-FSM   ;
+-------------------+---------------------+


+-----------------------------------------------------------------------------------------------------------------------------------------------------+
; Flow Non-Default Global Settings                                                                                                                    ;
+--------------------------------------+----------------------------------------+-------------------+-------------+-----------------------------------+
; Assignment Name                      ; Value                                  ; Default Value     ; Entity Name ; Section Id                        ;
+--------------------------------------+----------------------------------------+-------------------+-------------+-----------------------------------+
; COMPILER_SIGNATURE_ID                ; 1095234573352.177393825013556          ; --                ; --          ; --                                ;
; EDA_DESIGN_INSTANCE_NAME             ; NA                                     ; --                ; --          ; Traffic_TB                        ;
; EDA_GENERATE_FUNCTIONAL_NETLIST      ; Off                                    ; --                ; --          ; eda_board_design_timing           ;
; EDA_GENERATE_FUNCTIONAL_NETLIST      ; Off                                    ; --                ; --          ; eda_board_design_boundary_scan    ;
; EDA_GENERATE_FUNCTIONAL_NETLIST      ; Off                                    ; --                ; --          ; eda_board_design_signal_integrity ;
; EDA_GENERATE_FUNCTIONAL_NETLIST      ; Off                                    ; --                ; --          ; eda_board_design_symbol           ;
; EDA_NATIVELINK_SIMULATION_TEST_BENCH ; Traffic_TB                             ; --                ; --          ; eda_simulation                    ;
; EDA_OUTPUT_DATA_FORMAT               ; Systemverilog Hdl                      ; --                ; --          ; eda_simulation                    ;
; EDA_SIMULATION_TOOL                  ; Questa Altera FPGA (SystemVerilog)     ; <None>            ; --          ; --                                ;
; EDA_TEST_BENCH_ENABLE_STATUS         ; TEST_BENCH_MODE                        ; --                ; --          ; eda_simulation                    ;
; EDA_TEST_BENCH_FILE                  ; Traffic_TB.sv                          ; --                ; --          ; Traffic_TB                        ;
; EDA_TEST_BENCH_MODULE_NAME           ; Traffic_TB                             ; --                ; --          ; Traffic_TB                        ;
; EDA_TEST_BENCH_NAME                  ; Traffic_TB                             ; --                ; --          ; eda_simulation                    ;
; EDA_TIME_SCALE                       ; 1 ps                                   ; --                ; --          ; eda_simulation                    ;
; FLOW_ENABLE_IO_ASSIGNMENT_ANALYSIS   ; On                                     ; Off               ; --          ; --                                ;
; MAX_CORE_JUNCTION_TEMP               ; 85                                     ; --                ; --          ; --                                ;
; MIN_CORE_JUNCTION_TEMP               ; 0                                      ; --                ; --          ; --                                ;
; PARTITION_COLOR                      ; -- (Not supported for targeted family) ; --                ; TrafficTop  ; Top                               ;
; PARTITION_FITTER_PRESERVATION_LEVEL  ; -- (Not supported for targeted family) ; --                ; TrafficTop  ; Top                               ;
; PARTITION_NETLIST_TYPE               ; -- (Not supported for targeted family) ; --                ; TrafficTop  ; Top                               ;
; POWER_BOARD_THERMAL_MODEL            ; None (CONSERVATIVE)                    ; --                ; --          ; --                                ;
; POWER_PRESET_COOLING_SOLUTION        ; 23 MM HEAT SINK WITH 200 LFPM AIRFLOW  ; --                ; --          ; --                                ;
; PROJECT_OUTPUT_DIRECTORY             ; output_files                           ; --                ; --          ; --                                ;
; TOP_LEVEL_ENTITY                     ; TrafficTop                             ; Traffic-Light-FSM ; --          ; --                                ;
+--------------------------------------+----------------------------------------+-------------------+-------------+-----------------------------------+


+-----------------------------------------------------------------------------------------------------------------------------+
; Flow Elapsed Time                                                                                                           ;
+-------------------------+--------------+-------------------------+---------------------+------------------------------------+
; Module Name             ; Elapsed Time ; Average Processors Used ; Peak Virtual Memory ; Total CPU Time (on all processors) ;
+-------------------------+--------------+-------------------------+---------------------+------------------------------------+
; Analysis & Synthesis    ; 00:00:07     ; 1.0                     ; 4897 MB             ; 00:00:16                           ;
; I/O Assignment Analysis ; 00:00:07     ; 1.0                     ; 5513 MB             ; 00:00:07                           ;
; Fitter                  ; 00:00:32     ; 1.0                     ; 7028 MB             ; 00:01:45                           ;
; Assembler               ; 00:00:05     ; 1.0                     ; 5235 MB             ; 00:00:05                           ;
; Timing Analyzer         ; 00:00:03     ; 1.1                     ; 5381 MB             ; 00:00:03                           ;
; EDA Netlist Writer      ; 00:00:01     ; 1.0                     ; 4768 MB             ; 00:00:01                           ;
; Total                   ; 00:00:55     ; --                      ; --                  ; 00:02:17                           ;
+-------------------------+--------------+-------------------------+---------------------+------------------------------------+


+----------------------------------------------------------------------------------------+
; Flow OS Summary                                                                        ;
+-------------------------+-------------------+------------+------------+----------------+
; Module Name             ; Machine Hostname  ; OS Name    ; OS Version ; Processor type ;
+-------------------------+-------------------+------------+------------+----------------+
; Analysis & Synthesis    ; EgemenCelikLaptop ; Windows 10 ; 10.0       ; x86_64         ;
; I/O Assignment Analysis ; EgemenCelikLaptop ; Windows 10 ; 10.0       ; x86_64         ;
; Fitter                  ; EgemenCelikLaptop ; Windows 10 ; 10.0       ; x86_64         ;
; Assembler               ; EgemenCelikLaptop ; Windows 10 ; 10.0       ; x86_64         ;
; Timing Analyzer         ; EgemenCelikLaptop ; Windows 10 ; 10.0       ; x86_64         ;
; EDA Netlist Writer      ; EgemenCelikLaptop ; Windows 10 ; 10.0       ; x86_64         ;
+-------------------------+-------------------+------------+------------+----------------+


------------
; Flow Log ;
------------
quartus_map --read_settings_files=on --write_settings_files=off Traffic-Light-FSM -c Traffic-Light-FSM
quartus_fit --read_settings_files=off --write_settings_files=off Traffic-Light-FSM -c Traffic-Light-FSM --plan
quartus_fit --read_settings_files=off --write_settings_files=off Traffic-Light-FSM -c Traffic-Light-FSM
quartus_asm --read_settings_files=off --write_settings_files=off Traffic-Light-FSM -c Traffic-Light-FSM
quartus_sta Traffic-Light-FSM -c Traffic-Light-FSM
quartus_eda --read_settings_files=off --write_settings_files=off Traffic-Light-FSM -c Traffic-Light-FSM



